{"name":"untyped taint::sanitizer1(taint* this, untyped v)","description":null,"nodes":[{"id":0,"subNodes":[1],"text":"return 0"},{"id":1,"text":"0"}],"edges":[],"descriptions":[{"nodeId":0,"description":{"expressions":["ret_value@sanitizer1"],"state":{"heap":"monolith","type":{"ret_value@sanitizer1":["int32"],"this":["taint*"],"v":"#TOP#"},"value":{"ret_value@sanitizer1":"_","v":"#TOP#"}}}},{"nodeId":1,"description":{"expressions":["0"],"state":{"heap":"monolith","type":{"this":["taint*"],"v":"#TOP#"},"value":{"v":"#TOP#"}}}}]}