{"name":"untyped taint::sink1(taint* this, untyped v)","description":"['inputs/taint-3lvs-eval.imp':19:14]","nodes":[{"id":0,"text":"ret"}],"edges":[],"descriptions":[{"nodeId":0,"description":{"expressions":["skip"],"state":{"heap":"monolith","type":{"['inputs/taint-3lvs-eval.imp':19:14]:c":["int32"],"['inputs/taint-3lvs-eval.imp':19:14]:this":["taint*"],"this":["taint*"],"v":["int32"]},"value":{"['inputs/taint-3lvs-eval.imp':19:14]:c":"_","v":"_"}}}}]}