{"name":"untyped taint::sink1(taint* this, untyped v)","description":"['inputs/taint-3lvs-eval.imp':33:14]","nodes":[{"id":0,"text":"ret"}],"edges":[],"descriptions":[{"nodeId":0,"description":{"expressions":["skip"],"state":{"heap":"monolith","type":{"['inputs/taint-3lvs-eval.imp':33:14]:s":["int32"],"['inputs/taint-3lvs-eval.imp':33:14]:t":["int32"],"['inputs/taint-3lvs-eval.imp':33:14]:this":["taint*"],"this":["taint*"],"v":["int32"]},"value":{"['inputs/taint-3lvs-eval.imp':33:14]:s":"_","['inputs/taint-3lvs-eval.imp':33:14]:t":"#","v":"_"}}}}]}