{"name":"untyped taint::source1(taint* this)","description":null,"nodes":[{"id":0,"subNodes":[1],"text":"return -99"},{"id":1,"text":"-99"}],"edges":[],"descriptions":[{"nodeId":0,"description":{"expressions":["ret_value@source1"],"state":{"heap":"monolith","type":{"ret_value@source1":["int32"],"this":["taint*"]},"value":{"ret_value@source1":"_"}}}},{"nodeId":1,"description":{"expressions":["-99"],"state":{"heap":"monolith","type":{"this":["taint*"]},"value":"#TOP#"}}}]}