{"name":"untyped taint::sink1(taint* this, untyped v)","description":"['inputs/taint-3lvs-eval.imp':67:14]","nodes":[{"id":0,"text":"ret"}],"edges":[],"descriptions":[{"nodeId":0,"description":{"expressions":["skip"],"state":{"heap":"monolith","type":{"['inputs/taint-3lvs-eval.imp':67:14]:b":"#TOP#","['inputs/taint-3lvs-eval.imp':67:14]:m":["int32"],"['inputs/taint-3lvs-eval.imp':67:14]:n":["int32"],"['inputs/taint-3lvs-eval.imp':67:14]:o":["int32"],"['inputs/taint-3lvs-eval.imp':67:14]:this":["taint*"],"this":["taint*"],"v":["int32"]},"value":{"['inputs/taint-3lvs-eval.imp':67:14]:b":"#TOP#","['inputs/taint-3lvs-eval.imp':67:14]:m":"#TOP#","['inputs/taint-3lvs-eval.imp':67:14]:n":"#","['inputs/taint-3lvs-eval.imp':67:14]:o":"#","v":"#"}}}}]}