{"name":"untyped taint::basic2(taint* this)","description":null,"nodes":[{"id":0,"subNodes":[1,2],"text":"t = source1(this)"},{"id":1,"text":"t"},{"id":2,"subNodes":[3],"text":"source1(this)"},{"id":3,"text":"this"},{"id":4,"subNodes":[5,6],"text":"sink1(this, t)"},{"id":5,"text":"this"},{"id":6,"text":"t"},{"id":7,"text":"ret"}],"edges":[{"sourceId":0,"destId":4,"kind":"SequentialEdge"},{"sourceId":4,"destId":7,"kind":"SequentialEdge"}],"descriptions":[{"nodeId":0,"description":{"expressions":["t"],"state":{"heap":"monolith","type":{"t":["int32"],"this":["taint*"]},"value":{"t":"#"}}}},{"nodeId":1,"description":{"expressions":["t"],"state":{"heap":"monolith","type":{"call_ret_value@'inputs/taint-3lvs-eval.imp':23:23":["int32"],"this":["taint*"]},"value":{"call_ret_value@'inputs/taint-3lvs-eval.imp':23:23":"#"}}}},{"nodeId":2,"description":{"expressions":["call_ret_value@'inputs/taint-3lvs-eval.imp':23:23"],"state":{"heap":"monolith","type":{"call_ret_value@'inputs/taint-3lvs-eval.imp':23:23":["int32"],"this":["taint*"]},"value":{"call_ret_value@'inputs/taint-3lvs-eval.imp':23:23":"#"}}}},{"nodeId":3,"description":{"expressions":["this"],"state":{"heap":"monolith","type":{"this":["taint*"]},"value":"#TOP#"}}},{"nodeId":4,"description":{"expressions":["skip"],"state":{"heap":"monolith","type":{"t":["int32"],"this":["taint*"]},"value":{"t":"#"}}}},{"nodeId":5,"description":{"expressions":["this"],"state":{"heap":"monolith","type":{"t":["int32"],"this":["taint*"]},"value":{"t":"#"}}}},{"nodeId":6,"description":{"expressions":["t"],"state":{"heap":"monolith","type":{"t":["int32"],"this":["taint*"]},"value":{"t":"#"}}}},{"nodeId":7,"description":{"expressions":["skip"],"state":{"heap":"monolith","type":{"t":["int32"],"this":["taint*"]},"value":{"t":"#"}}}}]}