{"name":"untyped taint::basic1(taint* this)","description":null,"nodes":[{"id":0,"subNodes":[1,2],"text":"c = 0"},{"id":1,"text":"c"},{"id":2,"text":"0"},{"id":3,"subNodes":[4,5],"text":"sink1(this, c)"},{"id":4,"text":"this"},{"id":5,"text":"c"},{"id":6,"text":"ret"}],"edges":[{"sourceId":0,"destId":3,"kind":"SequentialEdge"},{"sourceId":3,"destId":6,"kind":"SequentialEdge"}],"descriptions":[{"nodeId":0,"description":{"expressions":["c"],"state":{"heap":"monolith","type":{"c":["int32"],"this":["taint*"]},"value":{"c":"_"}}}},{"nodeId":1,"description":{"expressions":["c"],"state":{"heap":"monolith","type":{"this":["taint*"]},"value":"#TOP#"}}},{"nodeId":2,"description":{"expressions":["0"],"state":{"heap":"monolith","type":{"this":["taint*"]},"value":"#TOP#"}}},{"nodeId":3,"description":{"expressions":["skip"],"state":{"heap":"monolith","type":{"c":["int32"],"this":["taint*"]},"value":{"c":"_"}}}},{"nodeId":4,"description":{"expressions":["this"],"state":{"heap":"monolith","type":{"c":["int32"],"this":["taint*"]},"value":{"c":"_"}}}},{"nodeId":5,"description":{"expressions":["c"],"state":{"heap":"monolith","type":{"c":["int32"],"this":["taint*"]},"value":{"c":"_"}}}},{"nodeId":6,"description":{"expressions":["skip"],"state":{"heap":"monolith","type":{"c":["int32"],"this":["taint*"]},"value":{"c":"_"}}}}]}