{"name":"untyped taint::source1(taint* this)","description":"['inputs/taint-3lvs-eval.imp':47:20]","nodes":[{"id":0,"subNodes":[1],"text":"return -99"},{"id":1,"text":"-99"}],"edges":[],"descriptions":[{"nodeId":0,"description":{"expressions":["ret_value@source1"],"state":{"heap":"monolith","type":{"['inputs/taint-3lvs-eval.imp':47:20]:b":"#TOP#","['inputs/taint-3lvs-eval.imp':47:20]:m":["int32"],"['inputs/taint-3lvs-eval.imp':47:20]:this":["taint*"],"ret_value@source1":["int32"],"this":["taint*"]},"value":{"['inputs/taint-3lvs-eval.imp':47:20]:b":"#TOP#","['inputs/taint-3lvs-eval.imp':47:20]:m":"_","ret_value@source1":"_"}}}},{"nodeId":1,"description":{"expressions":["-99"],"state":{"heap":"monolith","type":{"['inputs/taint-3lvs-eval.imp':47:20]:b":"#TOP#","['inputs/taint-3lvs-eval.imp':47:20]:m":["int32"],"['inputs/taint-3lvs-eval.imp':47:20]:this":["taint*"],"this":["taint*"]},"value":{"['inputs/taint-3lvs-eval.imp':47:20]:b":"#TOP#","['inputs/taint-3lvs-eval.imp':47:20]:m":"_"}}}}]}