{"name":"untyped taint::branch(taint* this, untyped b)","description":null,"nodes":[{"id":0,"subNodes":[1,2],"text":"m = 0"},{"id":1,"text":"m"},{"id":2,"text":"0"},{"id":3,"text":"b"},{"id":4,"subNodes":[5,6],"text":"m = source1(this)"},{"id":5,"text":"m"},{"id":6,"subNodes":[7],"text":"source1(this)"},{"id":7,"text":"this"},{"id":8,"subNodes":[9,10],"text":"m = 5"},{"id":9,"text":"m"},{"id":10,"text":"5"},{"id":11,"subNodes":[12,13],"text":"sink1(this, m)"},{"id":12,"text":"this"},{"id":13,"text":"m"},{"id":14,"text":"ret"}],"edges":[{"sourceId":0,"destId":3,"kind":"SequentialEdge"},{"sourceId":3,"destId":4,"kind":"TrueEdge"},{"sourceId":3,"destId":8,"kind":"FalseEdge"},{"sourceId":4,"destId":11,"kind":"SequentialEdge"},{"sourceId":8,"destId":11,"kind":"SequentialEdge"},{"sourceId":11,"destId":14,"kind":"SequentialEdge"}],"descriptions":[{"nodeId":0,"description":{"expressions":["m"],"state":{"heap":"monolith","type":{"b":"#TOP#","m":["int32"],"this":["taint*"]},"value":{"b":"#TOP#","m":"_"}}}},{"nodeId":1,"description":{"expressions":["m"],"state":{"heap":"monolith","type":{"b":"#TOP#","this":["taint*"]},"value":{"b":"#TOP#"}}}},{"nodeId":2,"description":{"expressions":["0"],"state":{"heap":"monolith","type":{"b":"#TOP#","this":["taint*"]},"value":{"b":"#TOP#"}}}},{"nodeId":3,"description":{"expressions":["b"],"state":{"heap":"monolith","type":{"b":"#TOP#","m":["int32"],"this":["taint*"]},"value":{"b":"#TOP#","m":"_"}}}},{"nodeId":4,"description":{"expressions":["m"],"state":{"heap":"monolith","type":{"b":"#TOP#","m":["int32"],"this":["taint*"]},"value":{"b":"#TOP#","m":"#"}}}},{"nodeId":5,"description":{"expressions":["m"],"state":{"heap":"monolith","type":{"b":"#TOP#","call_ret_value@'inputs/taint-3lvs-eval.imp':47:20":["int32"],"m":["int32"],"this":["taint*"]},"value":{"b":"#TOP#","call_ret_value@'inputs/taint-3lvs-eval.imp':47:20":"#","m":"_"}}}},{"nodeId":6,"description":{"expressions":["call_ret_value@'inputs/taint-3lvs-eval.imp':47:20"],"state":{"heap":"monolith","type":{"b":"#TOP#","call_ret_value@'inputs/taint-3lvs-eval.imp':47:20":["int32"],"m":["int32"],"this":["taint*"]},"value":{"b":"#TOP#","call_ret_value@'inputs/taint-3lvs-eval.imp':47:20":"#","m":"_"}}}},{"nodeId":7,"description":{"expressions":["this"],"state":{"heap":"monolith","type":{"b":"#TOP#","m":["int32"],"this":["taint*"]},"value":{"b":"#TOP#","m":"_"}}}},{"nodeId":8,"description":{"expressions":["m"],"state":{"heap":"monolith","type":{"b":"#TOP#","m":["int32"],"this":["taint*"]},"value":{"b":"#TOP#","m":"_"}}}},{"nodeId":9,"description":{"expressions":["m"],"state":{"heap":"monolith","type":{"b":"#TOP#","m":["int32"],"this":["taint*"]},"value":{"b":"#TOP#","m":"_"}}}},{"nodeId":10,"description":{"expressions":["5"],"state":{"heap":"monolith","type":{"b":"#TOP#","m":["int32"],"this":["taint*"]},"value":{"b":"#TOP#","m":"_"}}}},{"nodeId":11,"description":{"expressions":["skip"],"state":{"heap":"monolith","type":{"b":"#TOP#","m":["int32"],"this":["taint*"]},"value":{"b":"#TOP#","m":"#TOP#"}}}},{"nodeId":12,"description":{"expressions":["this"],"state":{"heap":"monolith","type":{"b":"#TOP#","m":["int32"],"this":["taint*"]},"value":{"b":"#TOP#","m":"#TOP#"}}}},{"nodeId":13,"description":{"expressions":["m"],"state":{"heap":"monolith","type":{"b":"#TOP#","m":["int32"],"this":["taint*"]},"value":{"b":"#TOP#","m":"#TOP#"}}}},{"nodeId":14,"description":{"expressions":["skip"],"state":{"heap":"monolith","type":{"b":"#TOP#","m":["int32"],"this":["taint*"]},"value":{"b":"#TOP#","m":"#TOP#"}}}}]}