{"name":"untyped taint::sanitizer1(taint* this, untyped v)","description":"['inputs/taint-3lvs-eval.imp':31:27]","nodes":[{"id":0,"subNodes":[1],"text":"return 0"},{"id":1,"text":"0"}],"edges":[],"descriptions":[{"nodeId":0,"description":{"expressions":["ret_value@sanitizer1"],"state":{"heap":"monolith","type":{"['inputs/taint-3lvs-eval.imp':31:27]:t":["int32"],"['inputs/taint-3lvs-eval.imp':31:27]:this":["taint*"],"ret_value@sanitizer1":["int32"],"this":["taint*"],"v":["int32"]},"value":{"['inputs/taint-3lvs-eval.imp':31:27]:t":"#","ret_value@sanitizer1":"_","v":"#"}}}},{"nodeId":1,"description":{"expressions":["0"],"state":{"heap":"monolith","type":{"['inputs/taint-3lvs-eval.imp':31:27]:t":["int32"],"['inputs/taint-3lvs-eval.imp':31:27]:this":["taint*"],"this":["taint*"],"v":["int32"]},"value":{"['inputs/taint-3lvs-eval.imp':31:27]:t":"#","v":"#"}}}}]}