{"name":"untyped taint::sink1(taint* this, untyped v)","description":"['inputs/taint-3lvs-eval.imp':40:15]","nodes":[{"id":0,"text":"ret"}],"edges":[],"descriptions":[{"nodeId":0,"description":{"expressions":["skip"],"state":{"heap":"monolith","type":{"['inputs/taint-3lvs-eval.imp':40:15]:t1":["int32"],"['inputs/taint-3lvs-eval.imp':40:15]:t2":["int32"],"['inputs/taint-3lvs-eval.imp':40:15]:t3":["int32"],"['inputs/taint-3lvs-eval.imp':40:15]:this":["taint*"],"this":["taint*"],"v":["int32"]},"value":{"['inputs/taint-3lvs-eval.imp':40:15]:t1":"#","['inputs/taint-3lvs-eval.imp':40:15]:t2":"_","['inputs/taint-3lvs-eval.imp':40:15]:t3":"#","v":"#"}}}}]}