{"name":"untyped taint::branch2(taint* this, untyped b)","description":null,"nodes":[{"id":0,"subNodes":[1,2],"text":"m = 0"},{"id":1,"text":"m"},{"id":2,"text":"0"},{"id":3,"subNodes":[4,5],"text":"n = source1(this)"},{"id":4,"text":"n"},{"id":5,"subNodes":[6],"text":"source1(this)"},{"id":6,"text":"this"},{"id":7,"text":"b"},{"id":8,"subNodes":[9,10],"text":"m = source1(this)"},{"id":9,"text":"m"},{"id":10,"subNodes":[11],"text":"source1(this)"},{"id":11,"text":"this"},{"id":12,"subNodes":[13,14],"text":"m = 5"},{"id":13,"text":"m"},{"id":14,"text":"5"},{"id":15,"subNodes":[16,17],"text":"o = +(n, m)"},{"id":16,"text":"o"},{"id":17,"subNodes":[18,19],"text":"+(n, m)"},{"id":18,"text":"n"},{"id":19,"text":"m"},{"id":20,"subNodes":[21,22],"text":"sink1(this, o)"},{"id":21,"text":"this"},{"id":22,"text":"o"},{"id":23,"text":"ret"}],"edges":[{"sourceId":0,"destId":3,"kind":"SequentialEdge"},{"sourceId":3,"destId":7,"kind":"SequentialEdge"},{"sourceId":7,"destId":8,"kind":"TrueEdge"},{"sourceId":7,"destId":12,"kind":"FalseEdge"},{"sourceId":8,"destId":15,"kind":"SequentialEdge"},{"sourceId":12,"destId":15,"kind":"SequentialEdge"},{"sourceId":15,"destId":20,"kind":"SequentialEdge"},{"sourceId":20,"destId":23,"kind":"SequentialEdge"}],"descriptions":[{"nodeId":0,"description":{"expressions":["m"],"state":{"heap":"monolith","type":{"b":"#TOP#","m":["int32"],"this":["taint*"]},"value":{"b":"#TOP#","m":"_"}}}},{"nodeId":1,"description":{"expressions":["m"],"state":{"heap":"monolith","type":{"b":"#TOP#","this":["taint*"]},"value":{"b":"#TOP#"}}}},{"nodeId":2,"description":{"expressions":["0"],"state":{"heap":"monolith","type":{"b":"#TOP#","this":["taint*"]},"value":{"b":"#TOP#"}}}},{"nodeId":3,"description":{"expressions":["n"],"state":{"heap":"monolith","type":{"b":"#TOP#","m":["int32"],"n":["int32"],"this":["taint*"]},"value":{"b":"#TOP#","m":"_","n":"#"}}}},{"nodeId":4,"description":{"expressions":["n"],"state":{"heap":"monolith","type":{"b":"#TOP#","call_ret_value@'inputs/taint-3lvs-eval.imp':58:23":["int32"],"m":["int32"],"this":["taint*"]},"value":{"b":"#TOP#","call_ret_value@'inputs/taint-3lvs-eval.imp':58:23":"#","m":"_"}}}},{"nodeId":5,"description":{"expressions":["call_ret_value@'inputs/taint-3lvs-eval.imp':58:23"],"state":{"heap":"monolith","type":{"b":"#TOP#","call_ret_value@'inputs/taint-3lvs-eval.imp':58:23":["int32"],"m":["int32"],"this":["taint*"]},"value":{"b":"#TOP#","call_ret_value@'inputs/taint-3lvs-eval.imp':58:23":"#","m":"_"}}}},{"nodeId":6,"description":{"expressions":["this"],"state":{"heap":"monolith","type":{"b":"#TOP#","m":["int32"],"this":["taint*"]},"value":{"b":"#TOP#","m":"_"}}}},{"nodeId":7,"description":{"expressions":["b"],"state":{"heap":"monolith","type":{"b":"#TOP#","m":["int32"],"n":["int32"],"this":["taint*"]},"value":{"b":"#TOP#","m":"_","n":"#"}}}},{"nodeId":8,"description":{"expressions":["m"],"state":{"heap":"monolith","type":{"b":"#TOP#","m":["int32"],"n":["int32"],"this":["taint*"]},"value":{"b":"#TOP#","m":"#","n":"#"}}}},{"nodeId":9,"description":{"expressions":["m"],"state":{"heap":"monolith","type":{"b":"#TOP#","call_ret_value@'inputs/taint-3lvs-eval.imp':60:20":["int32"],"m":["int32"],"n":["int32"],"this":["taint*"]},"value":{"b":"#TOP#","call_ret_value@'inputs/taint-3lvs-eval.imp':60:20":"#","m":"_","n":"#"}}}},{"nodeId":10,"description":{"expressions":["call_ret_value@'inputs/taint-3lvs-eval.imp':60:20"],"state":{"heap":"monolith","type":{"b":"#TOP#","call_ret_value@'inputs/taint-3lvs-eval.imp':60:20":["int32"],"m":["int32"],"n":["int32"],"this":["taint*"]},"value":{"b":"#TOP#","call_ret_value@'inputs/taint-3lvs-eval.imp':60:20":"#","m":"_","n":"#"}}}},{"nodeId":11,"description":{"expressions":["this"],"state":{"heap":"monolith","type":{"b":"#TOP#","m":["int32"],"n":["int32"],"this":["taint*"]},"value":{"b":"#TOP#","m":"_","n":"#"}}}},{"nodeId":12,"description":{"expressions":["m"],"state":{"heap":"monolith","type":{"b":"#TOP#","m":["int32"],"n":["int32"],"this":["taint*"]},"value":{"b":"#TOP#","m":"_","n":"#"}}}},{"nodeId":13,"description":{"expressions":["m"],"state":{"heap":"monolith","type":{"b":"#TOP#","m":["int32"],"n":["int32"],"this":["taint*"]},"value":{"b":"#TOP#","m":"_","n":"#"}}}},{"nodeId":14,"description":{"expressions":["5"],"state":{"heap":"monolith","type":{"b":"#TOP#","m":["int32"],"n":["int32"],"this":["taint*"]},"value":{"b":"#TOP#","m":"_","n":"#"}}}},{"nodeId":15,"description":{"expressions":["o"],"state":{"heap":"monolith","type":{"b":"#TOP#","m":["int32"],"n":["int32"],"o":["int32"],"this":["taint*"]},"value":{"b":"#TOP#","m":"#TOP#","n":"#","o":"#"}}}},{"nodeId":16,"description":{"expressions":["o"],"state":{"heap":"monolith","type":{"b":"#TOP#","m":["int32"],"n":["int32"],"this":["taint*"]},"value":{"b":"#TOP#","m":"#TOP#","n":"#"}}}},{"nodeId":17,"description":{"expressions":["n + m"],"state":{"heap":"monolith","type":{"b":"#TOP#","m":["int32"],"n":["int32"],"this":["taint*"]},"value":{"b":"#TOP#","m":"#TOP#","n":"#"}}}},{"nodeId":18,"description":{"expressions":["n"],"state":{"heap":"monolith","type":{"b":"#TOP#","m":["int32"],"n":["int32"],"this":["taint*"]},"value":{"b":"#TOP#","m":"#TOP#","n":"#"}}}},{"nodeId":19,"description":{"expressions":["m"],"state":{"heap":"monolith","type":{"b":"#TOP#","m":["int32"],"n":["int32"],"this":["taint*"]},"value":{"b":"#TOP#","m":"#TOP#","n":"#"}}}},{"nodeId":20,"description":{"expressions":["skip"],"state":{"heap":"monolith","type":{"b":"#TOP#","m":["int32"],"n":["int32"],"o":["int32"],"this":["taint*"]},"value":{"b":"#TOP#","m":"#TOP#","n":"#","o":"#"}}}},{"nodeId":21,"description":{"expressions":["this"],"state":{"heap":"monolith","type":{"b":"#TOP#","m":["int32"],"n":["int32"],"o":["int32"],"this":["taint*"]},"value":{"b":"#TOP#","m":"#TOP#","n":"#","o":"#"}}}},{"nodeId":22,"description":{"expressions":["o"],"state":{"heap":"monolith","type":{"b":"#TOP#","m":["int32"],"n":["int32"],"o":["int32"],"this":["taint*"]},"value":{"b":"#TOP#","m":"#TOP#","n":"#","o":"#"}}}},{"nodeId":23,"description":{"expressions":["skip"],"state":{"heap":"monolith","type":{"b":"#TOP#","m":["int32"],"n":["int32"],"o":["int32"],"this":["taint*"]},"value":{"b":"#TOP#","m":"#TOP#","n":"#","o":"#"}}}}]}