{"name":"untyped taint::basic3(taint* this)","description":null,"nodes":[{"id":0,"subNodes":[1,2],"text":"t = source1(this)"},{"id":1,"text":"t"},{"id":2,"subNodes":[3],"text":"source1(this)"},{"id":3,"text":"this"},{"id":4,"subNodes":[5,6],"text":"s = sanitizer1(this, t)"},{"id":5,"text":"s"},{"id":6,"subNodes":[7,8],"text":"sanitizer1(this, t)"},{"id":7,"text":"this"},{"id":8,"text":"t"},{"id":9,"subNodes":[10,11],"text":"sink1(this, s)"},{"id":10,"text":"this"},{"id":11,"text":"s"},{"id":12,"text":"ret"}],"edges":[{"sourceId":0,"destId":4,"kind":"SequentialEdge"},{"sourceId":4,"destId":9,"kind":"SequentialEdge"},{"sourceId":9,"destId":12,"kind":"SequentialEdge"}],"descriptions":[{"nodeId":0,"description":{"expressions":["t"],"state":{"heap":"monolith","type":{"t":["int32"],"this":["taint*"]},"value":{"t":"#"}}}},{"nodeId":1,"description":{"expressions":["t"],"state":{"heap":"monolith","type":{"call_ret_value@'inputs/taint-3lvs-eval.imp':29:23":["int32"],"this":["taint*"]},"value":{"call_ret_value@'inputs/taint-3lvs-eval.imp':29:23":"#"}}}},{"nodeId":2,"description":{"expressions":["call_ret_value@'inputs/taint-3lvs-eval.imp':29:23"],"state":{"heap":"monolith","type":{"call_ret_value@'inputs/taint-3lvs-eval.imp':29:23":["int32"],"this":["taint*"]},"value":{"call_ret_value@'inputs/taint-3lvs-eval.imp':29:23":"#"}}}},{"nodeId":3,"description":{"expressions":["this"],"state":{"heap":"monolith","type":{"this":["taint*"]},"value":"#TOP#"}}},{"nodeId":4,"description":{"expressions":["s"],"state":{"heap":"monolith","type":{"s":["int32"],"t":["int32"],"this":["taint*"]},"value":{"s":"_","t":"#"}}}},{"nodeId":5,"description":{"expressions":["s"],"state":{"heap":"monolith","type":{"call_ret_value@'inputs/taint-3lvs-eval.imp':31:27":["int32"],"t":["int32"],"this":["taint*"]},"value":{"call_ret_value@'inputs/taint-3lvs-eval.imp':31:27":"_","t":"#"}}}},{"nodeId":6,"description":{"expressions":["call_ret_value@'inputs/taint-3lvs-eval.imp':31:27"],"state":{"heap":"monolith","type":{"call_ret_value@'inputs/taint-3lvs-eval.imp':31:27":["int32"],"t":["int32"],"this":["taint*"]},"value":{"call_ret_value@'inputs/taint-3lvs-eval.imp':31:27":"_","t":"#"}}}},{"nodeId":7,"description":{"expressions":["this"],"state":{"heap":"monolith","type":{"t":["int32"],"this":["taint*"]},"value":{"t":"#"}}}},{"nodeId":8,"description":{"expressions":["t"],"state":{"heap":"monolith","type":{"t":["int32"],"this":["taint*"]},"value":{"t":"#"}}}},{"nodeId":9,"description":{"expressions":["skip"],"state":{"heap":"monolith","type":{"s":["int32"],"t":["int32"],"this":["taint*"]},"value":{"s":"_","t":"#"}}}},{"nodeId":10,"description":{"expressions":["this"],"state":{"heap":"monolith","type":{"s":["int32"],"t":["int32"],"this":["taint*"]},"value":{"s":"_","t":"#"}}}},{"nodeId":11,"description":{"expressions":["s"],"state":{"heap":"monolith","type":{"s":["int32"],"t":["int32"],"this":["taint*"]},"value":{"s":"_","t":"#"}}}},{"nodeId":12,"description":{"expressions":["skip"],"state":{"heap":"monolith","type":{"s":["int32"],"t":["int32"],"this":["taint*"]},"value":{"s":"_","t":"#"}}}}]}