{"name":"untyped taint::basic4(taint* this)","description":null,"nodes":[{"id":0,"subNodes":[1,2],"text":"t1 = source1(this)"},{"id":1,"text":"t1"},{"id":2,"subNodes":[3],"text":"source1(this)"},{"id":3,"text":"this"},{"id":4,"subNodes":[5,6],"text":"t2 = 0"},{"id":5,"text":"t2"},{"id":6,"text":"0"},{"id":7,"subNodes":[8,9],"text":"t3 = +(t1, t2)"},{"id":8,"text":"t3"},{"id":9,"subNodes":[10,11],"text":"+(t1, t2)"},{"id":10,"text":"t1"},{"id":11,"text":"t2"},{"id":12,"subNodes":[13,14],"text":"sink1(this, t3)"},{"id":13,"text":"this"},{"id":14,"text":"t3"},{"id":15,"text":"ret"}],"edges":[{"sourceId":0,"destId":4,"kind":"SequentialEdge"},{"sourceId":4,"destId":7,"kind":"SequentialEdge"},{"sourceId":7,"destId":12,"kind":"SequentialEdge"},{"sourceId":12,"destId":15,"kind":"SequentialEdge"}],"descriptions":[{"nodeId":0,"description":{"expressions":["t1"],"state":{"heap":"monolith","type":{"t1":["int32"],"this":["taint*"]},"value":{"t1":"#"}}}},{"nodeId":1,"description":{"expressions":["t1"],"state":{"heap":"monolith","type":{"call_ret_value@'inputs/taint-3lvs-eval.imp':37:24":["int32"],"this":["taint*"]},"value":{"call_ret_value@'inputs/taint-3lvs-eval.imp':37:24":"#"}}}},{"nodeId":2,"description":{"expressions":["call_ret_value@'inputs/taint-3lvs-eval.imp':37:24"],"state":{"heap":"monolith","type":{"call_ret_value@'inputs/taint-3lvs-eval.imp':37:24":["int32"],"this":["taint*"]},"value":{"call_ret_value@'inputs/taint-3lvs-eval.imp':37:24":"#"}}}},{"nodeId":3,"description":{"expressions":["this"],"state":{"heap":"monolith","type":{"this":["taint*"]},"value":"#TOP#"}}},{"nodeId":4,"description":{"expressions":["t2"],"state":{"heap":"monolith","type":{"t1":["int32"],"t2":["int32"],"this":["taint*"]},"value":{"t1":"#","t2":"_"}}}},{"nodeId":5,"description":{"expressions":["t2"],"state":{"heap":"monolith","type":{"t1":["int32"],"this":["taint*"]},"value":{"t1":"#"}}}},{"nodeId":6,"description":{"expressions":["0"],"state":{"heap":"monolith","type":{"t1":["int32"],"this":["taint*"]},"value":{"t1":"#"}}}},{"nodeId":7,"description":{"expressions":["t3"],"state":{"heap":"monolith","type":{"t1":["int32"],"t2":["int32"],"t3":["int32"],"this":["taint*"]},"value":{"t1":"#","t2":"_","t3":"#"}}}},{"nodeId":8,"description":{"expressions":["t3"],"state":{"heap":"monolith","type":{"t1":["int32"],"t2":["int32"],"this":["taint*"]},"value":{"t1":"#","t2":"_"}}}},{"nodeId":9,"description":{"expressions":["t1 + t2"],"state":{"heap":"monolith","type":{"t1":["int32"],"t2":["int32"],"this":["taint*"]},"value":{"t1":"#","t2":"_"}}}},{"nodeId":10,"description":{"expressions":["t1"],"state":{"heap":"monolith","type":{"t1":["int32"],"t2":["int32"],"this":["taint*"]},"value":{"t1":"#","t2":"_"}}}},{"nodeId":11,"description":{"expressions":["t2"],"state":{"heap":"monolith","type":{"t1":["int32"],"t2":["int32"],"this":["taint*"]},"value":{"t1":"#","t2":"_"}}}},{"nodeId":12,"description":{"expressions":["skip"],"state":{"heap":"monolith","type":{"t1":["int32"],"t2":["int32"],"t3":["int32"],"this":["taint*"]},"value":{"t1":"#","t2":"_","t3":"#"}}}},{"nodeId":13,"description":{"expressions":["this"],"state":{"heap":"monolith","type":{"t1":["int32"],"t2":["int32"],"t3":["int32"],"this":["taint*"]},"value":{"t1":"#","t2":"_","t3":"#"}}}},{"nodeId":14,"description":{"expressions":["t3"],"state":{"heap":"monolith","type":{"t1":["int32"],"t2":["int32"],"t3":["int32"],"this":["taint*"]},"value":{"t1":"#","t2":"_","t3":"#"}}}},{"nodeId":15,"description":{"expressions":["skip"],"state":{"heap":"monolith","type":{"t1":["int32"],"t2":["int32"],"t3":["int32"],"this":["taint*"]},"value":{"t1":"#","t2":"_","t3":"#"}}}}]}