{"name":"untyped intervals::branches(intervals* this, untyped b)","description":null,"nodes":[{"id":0,"subNodes":[1,2],"text":"x = 0"},{"id":1,"text":"x"},{"id":2,"text":"0"},{"id":3,"text":"b"},{"id":4,"subNodes":[5,6],"text":"x = +(x, 7)"},{"id":5,"text":"x"},{"id":6,"subNodes":[7,8],"text":"+(x, 7)"},{"id":7,"text":"x"},{"id":8,"text":"7"},{"id":9,"subNodes":[10,11],"text":"x = -7"},{"id":10,"text":"x"},{"id":11,"text":"-7"},{"id":12,"subNodes":[13],"text":"return x"},{"id":13,"text":"x"}],"edges":[{"sourceId":0,"destId":3,"kind":"SequentialEdge"},{"sourceId":3,"destId":4,"kind":"TrueEdge"},{"sourceId":3,"destId":9,"kind":"FalseEdge"},{"sourceId":4,"destId":12,"kind":"SequentialEdge"},{"sourceId":9,"destId":12,"kind":"SequentialEdge"}],"descriptions":[{"nodeId":0,"description":{"expressions":["x"],"state":{"heap":"monolith","type":{"b":"#TOP#","this":["intervals*"],"x":["int32"]},"value":{"b":"[-Inf, +Inf]","x":"[0, 0]"}}}},{"nodeId":1,"description":{"expressions":["x"],"state":{"heap":"monolith","type":{"b":"#TOP#","this":["intervals*"]},"value":{"b":"[-Inf, +Inf]"}}}},{"nodeId":2,"description":{"expressions":["0"],"state":{"heap":"monolith","type":{"b":"#TOP#","this":["intervals*"]},"value":{"b":"[-Inf, +Inf]"}}}},{"nodeId":3,"description":{"expressions":["b"],"state":{"heap":"monolith","type":{"b":"#TOP#","this":["intervals*"],"x":["int32"]},"value":{"b":"[-Inf, +Inf]","x":"[0, 0]"}}}},{"nodeId":4,"description":{"expressions":["x"],"state":{"heap":"monolith","type":{"b":"#TOP#","this":["intervals*"],"x":["int32"]},"value":{"b":"[-Inf, +Inf]","x":"[7, 7]"}}}},{"nodeId":5,"description":{"expressions":["x"],"state":{"heap":"monolith","type":{"b":"#TOP#","this":["intervals*"],"x":["int32"]},"value":{"b":"[-Inf, +Inf]","x":"[0, 0]"}}}},{"nodeId":6,"description":{"expressions":["x + 7"],"state":{"heap":"monolith","type":{"b":"#TOP#","this":["intervals*"],"x":["int32"]},"value":{"b":"[-Inf, +Inf]","x":"[0, 0]"}}}},{"nodeId":7,"description":{"expressions":["x"],"state":{"heap":"monolith","type":{"b":"#TOP#","this":["intervals*"],"x":["int32"]},"value":{"b":"[-Inf, +Inf]","x":"[0, 0]"}}}},{"nodeId":8,"description":{"expressions":["7"],"state":{"heap":"monolith","type":{"b":"#TOP#","this":["intervals*"],"x":["int32"]},"value":{"b":"[-Inf, +Inf]","x":"[0, 0]"}}}},{"nodeId":9,"description":{"expressions":["x"],"state":{"heap":"monolith","type":{"b":"#TOP#","this":["intervals*"],"x":["int32"]},"value":{"b":"[-Inf, +Inf]","x":"[-7, -7]"}}}},{"nodeId":10,"description":{"expressions":["x"],"state":{"heap":"monolith","type":{"b":"#TOP#","this":["intervals*"],"x":["int32"]},"value":{"b":"[-Inf, +Inf]","x":"[0, 0]"}}}},{"nodeId":11,"description":{"expressions":["-7"],"state":{"heap":"monolith","type":{"b":"#TOP#","this":["intervals*"],"x":["int32"]},"value":{"b":"[-Inf, +Inf]","x":"[0, 0]"}}}},{"nodeId":12,"description":{"expressions":["ret_value@branches"],"state":{"heap":"monolith","type":{"b":"#TOP#","ret_value@branches":["int32"],"this":["intervals*"],"x":["int32"]},"value":{"b":"[-Inf, +Inf]","ret_value@branches":"[-7, 7]","x":"[-7, 7]"}}}},{"nodeId":13,"description":{"expressions":["x"],"state":{"heap":"monolith","type":{"b":"#TOP#","this":["intervals*"],"x":["int32"]},"value":{"b":"[-Inf, +Inf]","x":"[-7, 7]"}}}}]}