{"name":"untyped intervals::basic(intervals* this)","description":null,"nodes":[{"id":0,"subNodes":[1,2],"text":"i = 2"},{"id":1,"text":"i"},{"id":2,"text":"2"},{"id":3,"subNodes":[4,5],"text":"j = -10"},{"id":4,"text":"j"},{"id":5,"text":"-10"},{"id":6,"subNodes":[7,8],"text":"a = +(i, j)"},{"id":7,"text":"a"},{"id":8,"subNodes":[9,10],"text":"+(i, j)"},{"id":9,"text":"i"},{"id":10,"text":"j"},{"id":11,"subNodes":[12,13],"text":"s = -(i, j)"},{"id":12,"text":"s"},{"id":13,"subNodes":[14,15],"text":"-(i, j)"},{"id":14,"text":"i"},{"id":15,"text":"j"},{"id":16,"text":"ret"}],"edges":[{"sourceId":0,"destId":3,"kind":"SequentialEdge"},{"sourceId":3,"destId":6,"kind":"SequentialEdge"},{"sourceId":6,"destId":11,"kind":"SequentialEdge"},{"sourceId":11,"destId":16,"kind":"SequentialEdge"}],"descriptions":[{"nodeId":0,"description":{"expressions":["i"],"state":{"heap":"monolith","type":{"i":["int32"],"this":["intervals*"]},"value":{"i":"[2, 2]"}}}},{"nodeId":1,"description":{"expressions":["i"],"state":{"heap":"monolith","type":{"this":["intervals*"]},"value":"#TOP#"}}},{"nodeId":2,"description":{"expressions":["2"],"state":{"heap":"monolith","type":{"this":["intervals*"]},"value":"#TOP#"}}},{"nodeId":3,"description":{"expressions":["j"],"state":{"heap":"monolith","type":{"i":["int32"],"j":["int32"],"this":["intervals*"]},"value":{"i":"[2, 2]","j":"[-10, -10]"}}}},{"nodeId":4,"description":{"expressions":["j"],"state":{"heap":"monolith","type":{"i":["int32"],"this":["intervals*"]},"value":{"i":"[2, 2]"}}}},{"nodeId":5,"description":{"expressions":["-10"],"state":{"heap":"monolith","type":{"i":["int32"],"this":["intervals*"]},"value":{"i":"[2, 2]"}}}},{"nodeId":6,"description":{"expressions":["a"],"state":{"heap":"monolith","type":{"a":["int32"],"i":["int32"],"j":["int32"],"this":["intervals*"]},"value":{"a":"[-8, -8]","i":"[2, 2]","j":"[-10, -10]"}}}},{"nodeId":7,"description":{"expressions":["a"],"state":{"heap":"monolith","type":{"i":["int32"],"j":["int32"],"this":["intervals*"]},"value":{"i":"[2, 2]","j":"[-10, -10]"}}}},{"nodeId":8,"description":{"expressions":["i + j"],"state":{"heap":"monolith","type":{"i":["int32"],"j":["int32"],"this":["intervals*"]},"value":{"i":"[2, 2]","j":"[-10, -10]"}}}},{"nodeId":9,"description":{"expressions":["i"],"state":{"heap":"monolith","type":{"i":["int32"],"j":["int32"],"this":["intervals*"]},"value":{"i":"[2, 2]","j":"[-10, -10]"}}}},{"nodeId":10,"description":{"expressions":["j"],"state":{"heap":"monolith","type":{"i":["int32"],"j":["int32"],"this":["intervals*"]},"value":{"i":"[2, 2]","j":"[-10, -10]"}}}},{"nodeId":11,"description":{"expressions":["s"],"state":{"heap":"monolith","type":{"a":["int32"],"i":["int32"],"j":["int32"],"s":["int32"],"this":["intervals*"]},"value":{"a":"[-8, -8]","i":"[2, 2]","j":"[-10, -10]","s":"[12, 12]"}}}},{"nodeId":12,"description":{"expressions":["s"],"state":{"heap":"monolith","type":{"a":["int32"],"i":["int32"],"j":["int32"],"this":["intervals*"]},"value":{"a":"[-8, -8]","i":"[2, 2]","j":"[-10, -10]"}}}},{"nodeId":13,"description":{"expressions":["i - j"],"state":{"heap":"monolith","type":{"a":["int32"],"i":["int32"],"j":["int32"],"this":["intervals*"]},"value":{"a":"[-8, -8]","i":"[2, 2]","j":"[-10, -10]"}}}},{"nodeId":14,"description":{"expressions":["i"],"state":{"heap":"monolith","type":{"a":["int32"],"i":["int32"],"j":["int32"],"this":["intervals*"]},"value":{"a":"[-8, -8]","i":"[2, 2]","j":"[-10, -10]"}}}},{"nodeId":15,"description":{"expressions":["j"],"state":{"heap":"monolith","type":{"a":["int32"],"i":["int32"],"j":["int32"],"this":["intervals*"]},"value":{"a":"[-8, -8]","i":"[2, 2]","j":"[-10, -10]"}}}},{"nodeId":16,"description":{"expressions":["skip"],"state":{"heap":"monolith","type":{"a":["int32"],"i":["int32"],"j":["int32"],"s":["int32"],"this":["intervals*"]},"value":{"a":"[-8, -8]","i":"[2, 2]","j":"[-10, -10]","s":"[12, 12]"}}}}]}