{"name":"untyped intervals::loop(intervals* this, untyped b)","description":null,"nodes":[{"id":0,"subNodes":[1,2],"text":"c = 1"},{"id":1,"text":"c"},{"id":2,"text":"1"},{"id":3,"subNodes":[4,5],"text":"<(b, 3)"},{"id":4,"text":"b"},{"id":5,"text":"3"},{"id":6,"subNodes":[7,8],"text":"c = +(c, 1)"},{"id":7,"text":"c"},{"id":8,"subNodes":[9,10],"text":"+(c, 1)"},{"id":9,"text":"c"},{"id":10,"text":"1"},{"id":11,"subNodes":[12,13],"text":"b = +(b, 1)"},{"id":12,"text":"b"},{"id":13,"subNodes":[14,15],"text":"+(b, 1)"},{"id":14,"text":"b"},{"id":15,"text":"1"},{"id":16,"subNodes":[17],"text":"return c"},{"id":17,"text":"c"}],"edges":[{"sourceId":0,"destId":3,"kind":"SequentialEdge"},{"sourceId":3,"destId":6,"kind":"TrueEdge"},{"sourceId":3,"destId":16,"kind":"FalseEdge"},{"sourceId":6,"destId":11,"kind":"SequentialEdge"},{"sourceId":11,"destId":3,"kind":"SequentialEdge"}],"descriptions":[{"nodeId":0,"description":{"expressions":["c"],"state":{"heap":"monolith","type":{"b":"#TOP#","c":["int32"],"this":["intervals*"]},"value":{"b":"[-Inf, +Inf]","c":"[1, 1]"}}}},{"nodeId":1,"description":{"expressions":["c"],"state":{"heap":"monolith","type":{"b":"#TOP#","this":["intervals*"]},"value":{"b":"[-Inf, +Inf]"}}}},{"nodeId":2,"description":{"expressions":["1"],"state":{"heap":"monolith","type":{"b":"#TOP#","this":["intervals*"]},"value":{"b":"[-Inf, +Inf]"}}}},{"nodeId":3,"description":{"expressions":["b < 3"],"state":{"heap":"monolith","type":{"b":"#TOP#","c":["int32"],"this":["intervals*"]},"value":{"b":"[-Inf, +Inf]","c":"[1, +Inf]"}}}},{"nodeId":4,"description":{"expressions":["b"],"state":{"heap":"monolith","type":{"b":"#TOP#","c":["int32"],"this":["intervals*"]},"value":{"b":"[-Inf, +Inf]","c":"[1, +Inf]"}}}},{"nodeId":5,"description":{"expressions":["3"],"state":{"heap":"monolith","type":{"b":"#TOP#","c":["int32"],"this":["intervals*"]},"value":{"b":"[-Inf, +Inf]","c":"[1, +Inf]"}}}},{"nodeId":6,"description":{"expressions":["c"],"state":{"heap":"monolith","type":{"b":"#TOP#","c":["int32"],"this":["intervals*"]},"value":{"b":"[-Inf, 2]","c":"[2, +Inf]"}}}},{"nodeId":7,"description":{"expressions":["c"],"state":{"heap":"monolith","type":{"b":"#TOP#","c":["int32"],"this":["intervals*"]},"value":{"b":"[-Inf, 2]","c":"[1, +Inf]"}}}},{"nodeId":8,"description":{"expressions":["c + 1"],"state":{"heap":"monolith","type":{"b":"#TOP#","c":["int32"],"this":["intervals*"]},"value":{"b":"[-Inf, 2]","c":"[1, +Inf]"}}}},{"nodeId":9,"description":{"expressions":["c"],"state":{"heap":"monolith","type":{"b":"#TOP#","c":["int32"],"this":["intervals*"]},"value":{"b":"[-Inf, 2]","c":"[1, +Inf]"}}}},{"nodeId":10,"description":{"expressions":["1"],"state":{"heap":"monolith","type":{"b":"#TOP#","c":["int32"],"this":["intervals*"]},"value":{"b":"[-Inf, 2]","c":"[1, +Inf]"}}}},{"nodeId":11,"description":{"expressions":["b"],"state":{"heap":"monolith","type":{"b":["float32","int32"],"c":["int32"],"this":["intervals*"]},"value":{"b":"[-Inf, 3]","c":"[2, +Inf]"}}}},{"nodeId":12,"description":{"expressions":["b"],"state":{"heap":"monolith","type":{"b":"#TOP#","c":["int32"],"this":["intervals*"]},"value":{"b":"[-Inf, 2]","c":"[2, +Inf]"}}}},{"nodeId":13,"description":{"expressions":["b + 1"],"state":{"heap":"monolith","type":{"b":"#TOP#","c":["int32"],"this":["intervals*"]},"value":{"b":"[-Inf, 2]","c":"[2, +Inf]"}}}},{"nodeId":14,"description":{"expressions":["b"],"state":{"heap":"monolith","type":{"b":"#TOP#","c":["int32"],"this":["intervals*"]},"value":{"b":"[-Inf, 2]","c":"[2, +Inf]"}}}},{"nodeId":15,"description":{"expressions":["1"],"state":{"heap":"monolith","type":{"b":"#TOP#","c":["int32"],"this":["intervals*"]},"value":{"b":"[-Inf, 2]","c":"[2, +Inf]"}}}},{"nodeId":16,"description":{"expressions":["ret_value@loop"],"state":{"heap":"monolith","type":{"b":"#TOP#","c":["int32"],"ret_value@loop":["int32"],"this":["intervals*"]},"value":{"b":"[3, +Inf]","c":"[1, +Inf]","ret_value@loop":"[1, +Inf]"}}}},{"nodeId":17,"description":{"expressions":["c"],"state":{"heap":"monolith","type":{"b":"#TOP#","c":["int32"],"this":["intervals*"]},"value":{"b":"[3, +Inf]","c":"[1, +Inf]"}}}}]}